1904
2012
2020
2016
4004
1904
2004
2000
400
2604
4604
2016
4604
